[2m19:13:03[22m [34m[@astrojs/cloudflare][39m Enabling sessions with Cloudflare KV with the "SESSION" KV binding.
[33m[1m19:13:03[22m [WARN] [vite][39m The latest compatibility date supported by the installed Cloudflare Workers Runtime is "2026-03-12",
but you've requested "2026-03-14". Falling back to "2026-03-12"...
[2m19:13:04[22m [34m[vite][39m Re-optimizing dependencies because vite config has changed
[2m19:13:04[22m [34m[vite][39m Re-optimizing dependencies because vite config has changed
[2m19:13:06[22m [34m[types][39m Generated [2m3.33s[22m
[2m19:13:06[22m [34m[build][39m output: [34m"server"[39m
[2m19:13:06[22m [34m[build][39m mode: [34m"server"[39m
[2m19:13:06[22m [34m[build][39m directory: [34mC:\Users\rahma\Desktop\dev\newspaper\app\dist\[39m
[2m19:13:06[22m [34m[build][39m adapter: [32m@astrojs/cloudflare[39m
[2m19:13:06[22m [34m[build][39m Collecting build info...
[2m19:13:06[22m [34m[build][39m [32mΓ£ô Completed in 3.36s.[39m
[2m19:13:06[22m [34m[build][39m Building server entrypoints...
[2m19:13:10[22m [34m[vite][39m [32mΓ£ô built in 3.66s[39m
[2m19:13:12[22m [34m[vite][39m [32mΓ£ô built in 1.80s[39m
[2m19:13:13[22m [34m[vite][39m [32mΓ£ô built in 822ms[39m
[2m19:13:13[22m [34m[build][39m Rearranging server assets...
[2m19:13:13[22m [34m[build][39m [32mΓ£ô Completed in 6.44s.[39m
[2m19:13:13[22m [34m[build][39m Server built in [1m9.79s[22m
[2m19:13:13[22m [34m[build][39m [1mComplete![22m
